*****************************************************************
      SolidWorks Corporation - IGES Processor Status Report
*****************************************************************
=================================================================
General Information
=================================================================
Sending System Product I.D.  : C:\Users\risknc\AppData\Local\Temp\risk1C9C17C8l3mb.prt
Receiving System Product I.D.: C:\Users\risknc\AppData\Local\Temp\risk1C9C17C8l3mb.prt
File Name                    : C:\Users\risknc\Google Drive\Drive\Mechanical Design\Temporary CAD folder\Alpha\Dev\HalCam\WS2812 60 per meter strip.igs
Sending System               : NX V9.0
Preprocessor Version         : SIEMENS PLM Software NX 9.0
File Creation Date           : 20140514.182833
Model Creation Date          : 20140514.182800
Units                        : MM
Model Space Scale            : 1
Author                       : 
Organization                 : 


=================================================================
Entity Processing Information
=================================================================
ERROR:   DE#   477, TYPE   144: Problem encountered in inner trimming loop.
WARNING: DE#   477, TYPE   144: Error repaired by using 3D trim curves.
ERROR:   DE#   563, TYPE   144: Problem encountered in inner trimming loop.
WARNING: DE#   563, TYPE   144: Error repaired by using 3D trim curves.
ERROR:   DE#   789, TYPE   144: Problem encountered in inner trimming loop.
WARNING: DE#   789, TYPE   144: Error repaired by using 3D trim curves.
ERROR:   DE#   853, TYPE   144: Problem encountered in inner trimming loop.
WARNING: DE#   853, TYPE   144: Error repaired by using 3D trim curves.
ERROR:   DE#   941, TYPE   144: Problem encountered in inner trimming loop.
WARNING: DE#   941, TYPE   144: Error repaired by using 3D trim curves.
ERROR:   DE#   973, TYPE   144: Problem encountered in inner trimming loop.
WARNING: DE#   973, TYPE   144: Error repaired by using 3D trim curves.
ERROR:   DE#  1211, TYPE   144: Problem encountered in inner trimming loop.
WARNING: DE#  1211, TYPE   144: Error repaired by using 3D trim curves.
ERROR:   DE#  1357, TYPE   144: Problem encountered in inner trimming loop.
WARNING: DE#  1357, TYPE   144: Error repaired by using 3D trim curves.
ERROR:   DE#  1449, TYPE   144: Problem encountered in inner trimming loop.
WARNING: DE#  1449, TYPE   144: Error repaired by using 3D trim curves.
ERROR:   DE#  1561, TYPE   144: Problem encountered in inner trimming loop.
WARNING: DE#  1561, TYPE   144: Error repaired by using 3D trim curves.
ERROR:   DE#  1593, TYPE   144: Problem encountered in inner trimming loop.
WARNING: DE#  1593, TYPE   144: Error repaired by using 3D trim curves.
ERROR:   DE#  1627, TYPE   144: Problem encountered in inner trimming loop.
WARNING: DE#  1627, TYPE   144: Error repaired by using 3D trim curves.
ERROR:   DE#  1745, TYPE   144: Problem encountered in inner trimming loop.
WARNING: DE#  1745, TYPE   144: Error repaired by using 3D trim curves.
ERROR:   DE#  1949, TYPE   144: Problem encountered in inner trimming loop.
WARNING: DE#  1949, TYPE   144: Error repaired by using 3D trim curves.
ERROR:   DE#  3131, TYPE   144: Problem encountered in outer trimming loop.
WARNING: DE#  3131, TYPE   144: Error repaired by using 3D trim curves.
ERROR:   DE#  3177, TYPE   144: Problem encountered in outer trimming loop.
WARNING: DE#  3177, TYPE   144: Error repaired by using 3D trim curves.


=================================================================
Precision analysis of IGES file:
=================================================================
  Most prevalent number of significant digits:              14
  Highest number of significant digits:                     14
  Average number of significant digits:                8.81303
  Maximum distance to origin:                          20.0837
  Minimum distance to origin:                                0
  Effective number of significant digits:                   14


=================================================================
Entity Summary
=================================================================
-----------------------------------------------------------------
Type Name                                         Count Converted
---- ----                                         ----- ---------
100  Arc                                            226       226
102  Composite curve                                180       180
108  Plane                                           32        32
110  Line                                           284       284
116  Point                                            1         1
124  Transformation matrix                           17        17
126  Rational B-spline curve                        510       510
128  Rational B-spline surface                      143       143
142  Curve on a parametric surface                  106       106
144  Trimmed parametric surface                      80        80
314  Color definition                                 6         6
406  Property                                         8         8
410  View                                             8         0
_________________________________________________________________


=================================================================
Result Summary
=================================================================
SolidWorks Feature Type                Count
-----------------------                -----
Solid feature(s)                       3
Surface feature(s)                     1
Curve/Sketch feature(s)                0
--------------------------------------------
Start time: Sunday, January 07, 2018 21:39:19
Finish time: Sunday, January 07, 2018 21:39:22
Processing time: 0 days, 00 hours, 00 mins, 03 secs
